// Jest Snapshot v1, https://goo.gl/fbAQLP

exports[`Tests for App should match the snapshot. 1`] = `
<View
  style={
    Array [
      Object {
        "alignItems": "center",
        "backgroundColor": "#F5FCFF",
        "flex": 1,
        "justifyContent": "center",
        "padding": 10,
        "paddingTop": 20,
      },
      Object {
        "paddingBottom": 10,
      },
    ]
  }
>
  <RCTScrollView
    data={Array []}
    disableVirtualization={false}
    getItem={[Function]}
    getItemCount={[Function]}
    horizontal={false}
    initialNumToRender={10}
    keyExtractor={[Function]}
    maxToRenderPerBatch={10}
    numColumns={1}
    onContentSizeChange={[Function]}
    onEndReachedThreshold={2}
    onLayout={[Function]}
    onMomentumScrollEnd={[Function]}
    onScroll={[Function]}
    onScrollBeginDrag={[Function]}
    onScrollEndDrag={[Function]}
    renderItem={[Function]}
    scrollEventThrottle={50}
    stickyHeaderIndices={Array []}
    style={
      Object {
        "width": "100%",
      }
    }
    updateCellsBatchingPeriod={50}
    viewabilityConfigCallbackPairs={Array []}
    windowSize={21}
  >
    <View />
  </RCTScrollView>
  <TextInput
    allowFontScaling={true}
    onChangeText={[Function]}
    onSubmitEditing={[Function]}
    placeholder="Add Tasks"
    returnKeyLabel="done"
    returnKeyType="done"
    style={
      Object {
        "borderColor": "gray",
        "borderWidth": 1,
        "height": 40,
        "paddingLeft": 10,
        "paddingRight": 10,
        "width": "100%",
      }
    }
    underlineColorAndroid="rgba(0,0,0,0)"
    value=""
  />
</View>
`;
